Analyzing BlueGuide...                                          

warning - The include file 'package:flutter_lints/flutter.yaml' in 'C:\FlutterProjects\BlueGuide\analysis_options.yaml' can't be found when analyzing 'C:\FlutterProjects\BlueGuide' - analysis_options.yaml:10:10 - include_file_not_found
warning - The value of the local variable 'box' isn't used - lib\services\offline_ai_service.dart:6:11 - unused_local_variable
  error - The getter 'values' isn't defined for the type 'String' - lib\services\offline_ai_service.dart:8:44 - undefined_getter
   info - 'withOpacity' is deprecated and shouldn't be used. Use .withValues() to avoid precision loss - lib\widgets\verification_banner.dart:29:20 - deprecated_member_use

